------------------------------------------------------------
TimeQuest Timing Analyzer Summary
------------------------------------------------------------

Type  : Slow 1200mV 85C Model Setup 'clk'
Slack : -3.666
TNS   : -81.541

Type  : Slow 1200mV 85C Model Setup 'clk_1'
Slack : -3.313
TNS   : -47.627

Type  : Slow 1200mV 85C Model Hold 'clk'
Slack : -0.066
TNS   : -0.066

Type  : Slow 1200mV 85C Model Hold 'clk_1'
Slack : 0.432
TNS   : 0.000

Type  : Slow 1200mV 85C Model Minimum Pulse Width 'clk'
Slack : -3.000
TNS   : -52.071

Type  : Slow 1200mV 85C Model Minimum Pulse Width 'clk_1'
Slack : -1.487
TNS   : -25.279

Type  : Slow 1200mV 0C Model Setup 'clk'
Slack : -3.381
TNS   : -71.479

Type  : Slow 1200mV 0C Model Setup 'clk_1'
Slack : -3.120
TNS   : -43.852

Type  : Slow 1200mV 0C Model Hold 'clk'
Slack : 0.022
TNS   : 0.000

Type  : Slow 1200mV 0C Model Hold 'clk_1'
Slack : 0.383
TNS   : 0.000

Type  : Slow 1200mV 0C Model Minimum Pulse Width 'clk'
Slack : -3.000
TNS   : -52.071

Type  : Slow 1200mV 0C Model Minimum Pulse Width 'clk_1'
Slack : -1.487
TNS   : -25.280

Type  : Fast 1200mV 0C Model Setup 'clk'
Slack : -1.002
TNS   : -17.573

Type  : Fast 1200mV 0C Model Setup 'clk_1'
Slack : -0.869
TNS   : -10.920

Type  : Fast 1200mV 0C Model Hold 'clk'
Slack : -0.226
TNS   : -0.226

Type  : Fast 1200mV 0C Model Hold 'clk_1'
Slack : 0.178
TNS   : 0.000

Type  : Fast 1200mV 0C Model Minimum Pulse Width 'clk'
Slack : -3.000
TNS   : -37.800

Type  : Fast 1200mV 0C Model Minimum Pulse Width 'clk_1'
Slack : -1.000
TNS   : -17.000

------------------------------------------------------------
