------------------------------------------------------------
TimeQuest Timing Analyzer Summary
------------------------------------------------------------

Type  : Slow 1200mV 85C Model Setup 'clk'
Slack : -98.051
TNS   : -895.791

Type  : Slow 1200mV 85C Model Setup 'clk_1'
Slack : -12.758
TNS   : -1232.452

Type  : Slow 1200mV 85C Model Hold 'clk'
Slack : -0.155
TNS   : -0.155

Type  : Slow 1200mV 85C Model Hold 'clk_1'
Slack : 0.451
TNS   : 0.000

Type  : Slow 1200mV 85C Model Minimum Pulse Width 'clk'
Slack : -3.000
TNS   : -113.038

Type  : Slow 1200mV 85C Model Minimum Pulse Width 'clk_1'
Slack : -1.487
TNS   : -209.667

Type  : Slow 1200mV 0C Model Setup 'clk'
Slack : -90.069
TNS   : -814.759

Type  : Slow 1200mV 0C Model Setup 'clk_1'
Slack : -11.592
TNS   : -1123.208

Type  : Slow 1200mV 0C Model Hold 'clk'
Slack : -0.114
TNS   : -0.114

Type  : Slow 1200mV 0C Model Hold 'clk_1'
Slack : 0.400
TNS   : 0.000

Type  : Slow 1200mV 0C Model Minimum Pulse Width 'clk'
Slack : -3.000
TNS   : -113.038

Type  : Slow 1200mV 0C Model Minimum Pulse Width 'clk_1'
Slack : -1.487
TNS   : -209.667

Type  : Fast 1200mV 0C Model Setup 'clk'
Slack : -41.468
TNS   : -345.745

Type  : Fast 1200mV 0C Model Setup 'clk_1'
Slack : -5.061
TNS   : -455.650

Type  : Fast 1200mV 0C Model Hold 'clk'
Slack : -0.235
TNS   : -0.235

Type  : Fast 1200mV 0C Model Hold 'clk_1'
Slack : 0.185
TNS   : 0.000

Type  : Fast 1200mV 0C Model Minimum Pulse Width 'clk'
Slack : -3.000
TNS   : -81.174

Type  : Fast 1200mV 0C Model Minimum Pulse Width 'clk_1'
Slack : -1.000
TNS   : -141.000

------------------------------------------------------------
